---
source: tests/golden_queries.rs
assertion_line: 49
expression: snap
---
- file_path: rust_repo/src/lib.rs
  line: 1
  preview: "pub fn calculate_tax(amount: f64, rate: f64) -> f64 {"
  sources:
    - lexical
    - semantic
- file_path: rust_repo/src/lib.rs
  line: 9
  preview: "pub fn invoice_total(items: &[f64], rate: f64) -> f64 {"
  sources:
    - lexical
    - semantic
- file_path: rust_repo/src/lib.rs
  line: 5
  preview: "pub fn subtotal(items: &[f64]) -> f64 {"
  sources:
    - semantic
